[dir_bkp_local];ALIQICM.db*
[dir_bkp_local];CADTL*.db*
[dir_bkp_local];CADCPB*.db*
[dir_bkp_local];CADTCC*.db*
[dir_bkp_local];CADGPE*.db*
[dir_bkp_local];PRODSP.db*
[dir_bkp_local];CE.db*
[dir_bkp_local];CE1.db*
[dir_bkp_local];CE.MEM
[dir_bkp_local];CE1.MEM
[dir_bkp_local];CLICOB.db*
[dir_bkp_local];CLIENTES.db*
[dir_bkp_local];CLIOBS.db*
[dir_bkp_local];CLIVENDA.db*
[dir_bkp_local];CODLANCA.db*
[dir_bkp_local];COM7*.db*
[dir_bkp_local];COM8*.db*
[dir_bkp_local];COM9*.db*
[dir_bkp_local];COM4*.db*
[dir_bkp_local];COMPRAS.DB*
[dir_bkp_local];CUSTOS*.db*
[dir_bkp_local];E1AUX.db*
[dir_bkp_local];E2AUX.db*
[dir_bkp_local];EMAIL.db*
[dir_bkp_local];ENTR17*.db*
[dir_bkp_local];ENTR18*.db*
[dir_bkp_local];ENTR19*.db*
[dir_bkp_local];ENTR14*.db*
[dir_bkp_local];ENTR27*.db*
[dir_bkp_local];ENTR28*.db*
[dir_bkp_local];ENTR29*.db*
[dir_bkp_local];ENTR24*.db*
[dir_bkp_local];ENTR37*.db*
[dir_bkp_local];ENTR38*.db*
[dir_bkp_local];ENTR39*.db*
[dir_bkp_local];ENTR34*.db*
[dir_bkp_local];ESTOQUE.db*
[dir_bkp_local];ESTDIVER.db*
[dir_bkp_local];FATUR7*.db*
[dir_bkp_local];FATUR8*.db*
[dir_bkp_local];FATUR9*.db*
[dir_bkp_local];FATUR4*.db*
[dir_bkp_local];FORNECE.db*
[dir_bkp_local];forsepin*.db*
[dir_bkp_local];GIRO.db*
[dir_bkp_local];GIROMES.db*
[dir_bkp_local];LOCAL.db*
[dir_bkp_local];MOVCPB1.db*
[dir_bkp_local];MOVCPB2.db*
[dir_bkp_local];MOVLAN1.db*
[dir_bkp_local];MOVLAN2.db*
[dir_bkp_local];MOVTO.db*
[dir_bkp_local];MR7?.db*
[dir_bkp_local];MR8?.db*
[dir_bkp_local];MR9?.db*
[dir_bkp_local];MR4?.db*
[dir_bkp_local];NOT*.db*
[dir_bkp_local];NFECOMPL.db*
[dir_bkp_local];PED*.db*
[dir_bkp_local];PF*.db*
[dir_bkp_local];PEDENT.db*
[dir_bkp_local];PZPGTO.db*
[dir_bkp_local];PZPAGAR.db*
[dir_bkp_local];RECI*.db*
[dir_bkp_local];REPRES.db*
[dir_bkp_local];REPRES2.db*
[dir_bkp_local];SAID17*.db*
[dir_bkp_local];SAID27*.db*
[dir_bkp_local];SAID18*.db*
[dir_bkp_local];SAID28*.db*
[dir_bkp_local];SAID19*.db*
[dir_bkp_local];SAID29*.db*
[dir_bkp_local];SAID14*.db*
[dir_bkp_local];SAID24*.db*
[dir_bkp_local];SAIDT1*.db*
[dir_bkp_local];SAIDT2*.db*
[dir_bkp_local];sepin*.db*
[dir_bkp_local];TR7?.db*
[dir_bkp_local];TR8?.db*
[dir_bkp_local];TR9?.db*
[dir_bkp_local];TR4?.db*
[dir_bkp_local];T17?.db*
[dir_bkp_local];T18?.db*
[dir_bkp_local];T19?.db*
[dir_bkp_local];T14?.db*
[dir_bkp_local];T27?.db*
[dir_bkp_local];T28?.db*
[dir_bkp_local];T29?.db*
[dir_bkp_local];T24?.db*
[dir_bkp_local];TIPMERC.db*
[dir_bkp_local];TRANSP.db*
[dir_bkp_local];VPER*.db*
[dir_bkp_local];ENTREDI*.db*
[dir_bkp_local];roma*.db*
[dir_dados];bal*.txt
[dir_dados];bal*.prn
[dir_dados];ERROS.pro
[dir_bkp_local];estdiver.dbf
[dir_bkp_local];CLIVENDA.db*
[dir_bkp_local];PRODUTOS.dbf
[dir_bkp_local];DEALER.dbf